<?php // PHP 70400

#[ this \is just a regular comment ]

// No trailing comma.
callFn(
	'arg1',
	arg2
);

// Different precedence of operators.
echo 'Sum: ' . $a + $b;
echo 'Shift: '.$a << 2;
